// 重构日志: 09ddb582
// 重构日志: 2b5acca0
// 同步 ID: 71e69fc0 @ Thu Jul  9 11:26:01 UTC 2026
// 同步 ID: c8ced3aa @ Fri Jul 10 11:22:06 UTC 2026
// 同步 ID: fc52137a @ Sat Jul 11 15:09:05 UTC 2026
// 同步 ID: c737b0a2 @ Mon Jul 13 18:58:36 UTC 2026
// 重构日志: 07b29038
// 重构日志: 15f089f7
// 同步 ID: 4fd16136 @ Wed Jul 15 18:47:15 UTC 2026
// 同步 ID: ba255eaa @ Fri Jul 17 17:06:30 UTC 2026
// 重构日志: 4f2eeec8
// 同步 ID: 0cadc008 @ Mon Jul 20 17:36:20 UTC 2026
// 重构日志: 3ab0a723
// 同步 ID: 3eff01f7 @ Wed Jul 22 15:09:27 UTC 2026
// 重构日志: f5aabce8
// 重构日志: 413999b5
// 重构日志: 20f96279
// 重构日志: 65543682
// 重构日志: 61c98eae
// 同步 ID: ce876447 @ Sun Jul 26 18:08:27 UTC 2026
// 重构日志: b06cb37d
// 同步 ID: 70d05ec8 @ Mon Jul 27 05:02:03 UTC 2026
// 重构日志: 46d85624
// 重构日志: e2673898
// 同步 ID: ba17be40 @ Tue Jul 28 15:24:35 UTC 2026
// 重构日志: 382b5d2e
// 重构日志: 029b3d4f
// 同步 ID: 8a91feac @ Thu Jul 30 04:38:44 UTC 2026
// 同步 ID: bf9f5c93 @ Fri Jul 31 04:59:30 UTC 2026
// 同步 ID: 7d8ab758 @ Fri Jul 31 15:53:08 UTC 2026
// 重构日志: ab5a224b
